// Vitest Snapshot v1, https://vitest.dev/guide/snapshot.html

exports[`version --ignore-changes > does not version packages with ignored changes 1`] = `
v1.0.1

HEAD -> main, tag: v1.0.1

lerna.json
packages/package-4/package.json
`;
